[
  [
    "Var"
  ],
  [
    "Identifier",
    "f"
  ],
  [
    "Equals"
  ],
  [
    "Function"
  ],
  [
    "OpenParen"
  ],
  [
    "Identifier",
    "x"
  ],
  [
    "Colon"
  ],
  [
    "Identifier",
    "number"
  ],
  [
    "CloseParen"
  ],
  [
    "Colon"
  ],
  [
    "Identifier",
    "number"
  ],
  [
    "OpenBrace"
  ],
  [
    "Return"
  ],
  [
    "Identifier",
    "x"
  ],
  [
    "CloseBrace"
  ]
]