[
  [
    "If"
  ],
  [
    "LeftParen"
  ],
  [
    "Identifier",
    "f"
  ],
  [
    "LeftParen"
  ],
  [
    "Identifier",
    "x"
  ],
  [
    "RightParen"
  ],
  [
    "RightParen"
  ],
  [
    "Identifier",
    "y"
  ],
  [
    "Else"
  ],
  [
    "LeftBrace"
  ],
  [
    "Identifier",
    "z"
  ],
  [
    "RightBrace"
  ]
]