{
  "locals": {
    "x": [
      {
        "kind": "Var",
        "pos": 3
      }
    ]
  },
  "statements": [
    {
      "kind": "Var",
      "name": {
        "kind": "Identifier",
        "text": "x"
      },
      "init": {
        "kind": "NumericLiteral",
        "value": 1
      }
    },
    {
      "kind": "Var",
      "name": {
        "kind": "Identifier",
        "text": "x"
      },
      "init": {
        "kind": "NumericLiteral",
        "value": 2
      }
    }
  ]
}