[
  {
    "x": {
      "kind": "Var",
      "pos": 3
    }
  },
  [
    {
      "kind": "Var",
      "name": {
        "kind": "Identifier",
        "text": "x"
      },
      "init": {
        "kind": "Literal",
        "value": 1
      }
    },
    {
      "kind": "Var",
      "name": {
        "kind": "Identifier",
        "text": "x"
      },
      "init": {
        "kind": "Literal",
        "value": 2
      }
    }
  ]
]