[
  {
    "pos": 17,
    "message": "Cannot assign initialiser of type 'number' to variable with declared type 'string'.",
    "snippet": "string = 1/*!!*/;\ns = 2\n"
  },
  {
    "pos": 24,
    "message": "Cannot assign value of type 'number' to variable of type 'string'.",
    "snippet": "= 1;\ns = 2/*!!*/\n"
  }
]