[
  {
    "pos": 17,
    "message": "Cannot assign initialiser of type 'number' to variable with declared type 'string'.",
    "snippet": "string = 1/*!!*/;\ns = 2\n"
  },
  {
    "pos": 20,
    "message": "Cannot assign value of type 'number' to variable of type 'string'.",
    "snippet": "ing = 1;\ns/*!!*/ = 2\n"
  }
]